
SESSION sess-empty
━━━━━━━━━━━━━━━━━━━━━━━━━━━━━━━━━━━━━━━━━━━━━━━━━━━━━━━━━━━━
Workflow: 
Status:   running
Created:  2026-01-01T00:00:00Z

TIMELINE (0 events)
━━━━━━━━━━━━━━━━━━━━━━━━━━━━━━━━━━━━━━━━━━━━━━━━━━━━━━━━━━━━

━━━━━━━━━━━━━━━━━━━━━━━━━━━━━━━━━━━━━━━━━━━━━━━━━━━━━━━━━━━━
RUNNING

═══════════════════════════════════════════════════════════════════
                         SESSION STATISTICS                         
═══════════════════════════════════════════════════════════════════

Total Duration: 0ms

